[0m10:51:22.488500 [debug] [MainThread]: Sending event: {'category': 'dbt', 'action': 'invocation', 'label': 'start', 'context': [<snowplow_tracker.self_describing_json.SelfDescribingJson object at 0x718c0b5ab860>, <snowplow_tracker.self_describing_json.SelfDescribingJson object at 0x718c08d6ef30>, <snowplow_tracker.self_describing_json.SelfDescribingJson object at 0x718c08d6ed80>]}


============================== 10:51:22.499201 | b18d8752-aea3-41b8-b9f2-ffbc425c2e17 ==============================
[0m10:51:22.499201 [info ] [MainThread]: Running with dbt=1.12.4
[0m10:51:22.499956 [debug] [MainThread]: running dbt with arguments {'static_parser': 'True', 'quiet': 'False', 'use_colors': 'True', 'warn_error': 'None', 'version_check': 'True', 'partial_parse': 'True', 'log_path': 'logs', 'indirect_selection': 'eager', 'profiles_dir': '/home/edu/.dbt', 'use_experimental_parser': 'False', 'fail_fast': 'False', 'debug': 'False', 'log_cache_events': 'False', 'no_print': 'None', 'empty': 'None', 'printer_width': '80', 'write_json': 'True', 'introspect': 'True', 'invocation_command': 'dbt init', 'target_path': 'None', 'maximum_seed_size_mib': '1', 'warn_error_options': 'WarnErrorOptionsV2(error=[], warn=[], silence=[])', 'send_anonymous_usage_stats': 'True', 'cache_selected_only': 'False', 'hints_enabled': 'True', 'log_format': 'default'}
[0m10:51:22.998388 [info ] [MainThread]: Creating dbt configuration folder at /home/edu/.dbt
[0m10:58:31.112800 [debug] [MainThread]: Starter project path: /mnt/d/Estudos/DBT/S3/.venv/lib/python3.12/site-packages/dbt/include/starter_project
[0m10:58:31.414421 [info ] [MainThread]: Setting up your profile.
[0m10:58:40.665777 [debug] [MainThread]: Snowflake adapter: Setting snowflake.connector to ERROR (file logging only)
[0m10:58:40.666528 [debug] [MainThread]: Snowflake adapter: Setting botocore to ERROR (file logging only)
[0m10:58:40.667417 [debug] [MainThread]: Snowflake adapter: Setting boto3 to ERROR (file logging only)
[0m11:09:04.934779 [info ] [MainThread]: Profile eth written to /home/edu/.dbt/profiles.yml using target's profile_template.yml and your supplied values.
[0m11:09:04.969872 [info ] [MainThread]: Running dbt debug to validate the project...
[0m11:09:04.970861 [info ] [MainThread]: dbt version: 1.12.4
[0m11:09:04.971426 [info ] [MainThread]: python version: 3.12.14
[0m11:09:04.971969 [info ] [MainThread]: python path: /mnt/d/Estudos/DBT/S3/.venv/bin/python3
[0m11:09:04.972504 [info ] [MainThread]: os info: Linux-6.18.33.1-microsoft-standard-WSL2-x86_64-with-glibc2.43
[0m11:09:05.002912 [info ] [MainThread]: Using profiles dir at /home/edu/.dbt
[0m11:09:05.003504 [info ] [MainThread]: Using profiles.yml file at /home/edu/.dbt/profiles.yml
[0m11:09:05.004058 [info ] [MainThread]: Using dbt_project.yml file at /mnt/d/Estudos/DBT/S3/eth/dbt_project.yml
[0m11:09:05.013448 [info ] [MainThread]: adapter type: snowflake
[0m11:09:05.014022 [info ] [MainThread]: adapter version: 1.12.0
[0m11:09:05.069361 [info ] [MainThread]: Configuration:
[0m11:09:05.070036 [info ] [MainThread]:   profiles.yml file [[32mOK found and valid[0m]
[0m11:09:05.070611 [info ] [MainThread]:   dbt_project.yml file [[32mOK found and valid[0m]
[0m11:09:05.071167 [info ] [MainThread]: Required dependencies:
[0m11:09:05.071732 [debug] [MainThread]: Executing "git --help"
[0m11:09:05.074501 [debug] [MainThread]: STDOUT: "b"usage: git [-v | --version] [-h | --help] [-C <path>] [-c <name>=<value>]\n           [--exec-path[=<path>]] [--html-path] [--man-path] [--info-path]\n           [-p | --paginate | -P | --no-pager] [--no-replace-objects] [--no-lazy-fetch]\n           [--no-optional-locks] [--no-advice] [--bare] [--git-dir=<path>]\n           [--work-tree=<path>] [--namespace=<name>] [--config-env=<name>=<envvar>]\n           <command> [<args>]\n\nThese are common Git commands used in various situations:\n\nstart a working area (see also: git help tutorial)\n   clone      Clone a repository into a new directory\n   init       Create an empty Git repository or reinitialize an existing one\n\nwork on the current change (see also: git help everyday)\n   add        Add file contents to the index\n   mv         Move or rename a file, a directory, or a symlink\n   restore    Restore working tree files\n   rm         Remove files from the working tree and from the index\n\nexamine the history and state (see also: git help revisions)\n   bisect     Use binary search to find the commit that introduced a bug\n   diff       Show changes between commits, commit and working tree, etc\n   grep       Print lines matching a pattern\n   log        Show commit logs\n   show       Show various types of objects\n   status     Show the working tree status\n\ngrow, mark and tweak your common history\n   backfill   Download missing objects in a partial clone\n   branch     List, create, or delete branches\n   commit     Record changes to the repository\n   merge      Join two or more development histories together\n   rebase     Reapply commits on top of another base tip\n   reset      Set `HEAD` or the index to a known state\n   switch     Switch branches\n   tag        Create, list, delete or verify tags\n\ncollaborate (see also: git help workflows)\n   fetch      Download objects and refs from another repository\n   pull       Fetch from and integrate with another repository or a local branch\n   push       Update remote refs along with associated objects\n\n'git help -a' and 'git help -g' list available subcommands and some\nconcept guides. See 'git help <command>' or 'git help <concept>'\nto read about a specific subcommand or concept.\nSee 'git help git' for an overview of the system.\n""
[0m11:09:05.075040 [debug] [MainThread]: STDERR: "b''"
[0m11:09:05.075538 [info ] [MainThread]:  - git [[32mOK found[0m]

[0m11:09:05.076095 [info ] [MainThread]: Connection:
[0m11:09:05.076638 [info ] [MainThread]:   account: WRXGQVJ-QM00309
[0m11:09:05.077218 [info ] [MainThread]:   user: ELIMA
[0m11:09:05.077738 [info ] [MainThread]:   database: DBT
[0m11:09:05.078264 [info ] [MainThread]:   warehouse: compute_wh
[0m11:09:05.078805 [info ] [MainThread]:   role: ACCOUNTADMIN
[0m11:09:05.079328 [info ] [MainThread]:   schema: dbt_eduslima
[0m11:09:05.079842 [info ] [MainThread]:   authenticator: None
[0m11:09:05.080371 [info ] [MainThread]:   oauth_client_id: None
[0m11:09:05.080902 [info ] [MainThread]:   query_tag: None
[0m11:09:05.081433 [info ] [MainThread]:   client_session_keep_alive: False
[0m11:09:05.082081 [info ] [MainThread]:   host: None
[0m11:09:05.082637 [info ] [MainThread]:   port: None
[0m11:09:05.083200 [info ] [MainThread]:   proxy_host: None
[0m11:09:05.083765 [info ] [MainThread]:   proxy_port: None
[0m11:09:05.084277 [info ] [MainThread]:   protocol: None
[0m11:09:05.084796 [info ] [MainThread]:   connect_retries: 1
[0m11:09:05.085330 [info ] [MainThread]:   connect_timeout: None
[0m11:09:05.085878 [info ] [MainThread]:   retry_on_database_errors: False
[0m11:09:05.086428 [info ] [MainThread]:   retry_all: False
[0m11:09:05.086961 [info ] [MainThread]:   insecure_mode: False
[0m11:09:05.087473 [info ] [MainThread]:   reuse_connections: True
[0m11:09:05.087995 [info ] [MainThread]:   s3_stage_vpce_dns_name: None
[0m11:09:05.088521 [info ] [MainThread]:   workload_identity_provider: None
[0m11:09:05.089067 [info ] [MainThread]:   workload_identity_entra_resource: None
[0m11:09:05.089599 [info ] [MainThread]:   platform_detection_timeout_seconds: 0.0
[0m11:09:05.091647 [info ] [MainThread]: Registered adapter: snowflake=1.12.0
[0m11:09:16.350997 [debug] [MainThread]: Acquiring new snowflake connection 'debug'
[0m11:09:16.374372 [debug] [MainThread]: Using snowflake connection "debug"
[0m11:09:16.374978 [debug] [MainThread]: On debug: select 1 as id
[0m11:09:16.375539 [debug] [MainThread]: Opening a new connection, currently in state init
[0m11:09:19.589349 [debug] [MainThread]: Snowflake adapter: Error running SQL: select 1 as id
[0m11:09:19.590081 [debug] [MainThread]: Snowflake adapter: Rolling back transaction.
[0m11:09:19.590720 [info ] [MainThread]:   Connection test: [[31mERROR[0m]

[0m11:09:19.591446 [info ] [MainThread]: [31m1 check failed:[0m
[0m11:09:19.592106 [info ] [MainThread]: dbt was unable to connect to the specified database.
The database returned the following error:

  >Database Error
  390100 (28000): Failed to connect to DB: WRXGQVJ-QM00309.snowflakecomputing.com:443. Incorrect username or password was specified. [99870d0c-7c02-46a2-b649-c033573ab5ae]

Check your database credentials and try again. For more information, visit:
https://docs.getdbt.com/docs/configure-your-profile


[0m11:09:19.592811 [info ] [MainThread]: Your new dbt project "eth" was created!
Initialized new project in /mnt/d/Estudos/DBT/S3/eth/eth

For more information on how to configure the profiles.yml file,
please consult the dbt documentation here:

  https://docs.getdbt.com/docs/configure-your-profile

One more thing:

Need help? Don't hesitate to reach out to us via GitHub issues or on Slack:

  https://community.getdbt.com/

Happy modeling!

[0m11:09:19.593451 [info ] [MainThread]: [31mYour profile may need adjustments. You can find the logs of `dbt debug` above[0m
[0m11:09:19.594384 [debug] [MainThread]: Resource report: {"command_name": "init", "command_success": true, "command_wall_clock_time": 1077.1599, "process_in_blocks": "119828", "process_kernel_time": 3.220086, "process_mem_max_rss": "153020", "process_out_blocks": "4936", "process_user_time": 1.868445}
[0m11:09:19.595317 [debug] [MainThread]: Command `dbt init` succeeded at 11:09:19.595235 after 1077.16 seconds
[0m11:09:19.595901 [debug] [MainThread]: Connection 'debug' was left open.
[0m11:09:19.597291 [debug] [MainThread]: On debug: No close available on handle
[0m11:09:19.597903 [debug] [MainThread]: Sending event: {'category': 'dbt', 'action': 'invocation', 'label': 'end', 'context': [<snowplow_tracker.self_describing_json.SelfDescribingJson object at 0x718c0b5ab860>, <snowplow_tracker.self_describing_json.SelfDescribingJson object at 0x718c08e9cb30>, <snowplow_tracker.self_describing_json.SelfDescribingJson object at 0x718c066334d0>]}
[0m11:09:19.598839 [debug] [MainThread]: Flushing usage events
[0m11:09:20.296211 [debug] [MainThread]: An error was encountered while trying to flush usage events
[0m11:13:15.900085 [debug] [MainThread]: Sending event: {'category': 'dbt', 'action': 'invocation', 'label': 'start', 'context': [<snowplow_tracker.self_describing_json.SelfDescribingJson object at 0x761c6d723740>, <snowplow_tracker.self_describing_json.SelfDescribingJson object at 0x761c6db37e30>, <snowplow_tracker.self_describing_json.SelfDescribingJson object at 0x761c6eea4d10>]}


============================== 11:13:15.909866 | deff6c1b-0860-4a01-99b6-480297657914 ==============================
[0m11:13:15.909866 [info ] [MainThread]: Running with dbt=1.12.4
[0m11:13:15.910791 [debug] [MainThread]: running dbt with arguments {'partial_parse': 'True', 'profiles_dir': '/home/edu/.dbt', 'empty': 'None', 'log_path': 'logs', 'send_anonymous_usage_stats': 'True', 'invocation_command': 'dbt debug', 'hints_enabled': 'True', 'maximum_seed_size_mib': '1', 'indirect_selection': 'eager', 'warn_error': 'None', 'target_path': 'None', 'use_experimental_parser': 'False', 'printer_width': '80', 'warn_error_options': 'WarnErrorOptionsV2(error=[], warn=[], silence=[])', 'cache_selected_only': 'False', 'static_parser': 'True', 'quiet': 'False', 'log_format': 'default', 'write_json': 'True', 'fail_fast': 'False', 'debug': 'False', 'no_print': 'None', 'introspect': 'True', 'use_colors': 'True', 'version_check': 'True', 'log_cache_events': 'False'}
[0m11:13:16.124699 [info ] [MainThread]: dbt version: 1.12.4
[0m11:13:16.125454 [info ] [MainThread]: python version: 3.12.14
[0m11:13:16.126052 [info ] [MainThread]: python path: /mnt/d/Estudos/DBT/S3/.venv/bin/python3
[0m11:13:16.126602 [info ] [MainThread]: os info: Linux-6.18.33.1-microsoft-standard-WSL2-x86_64-with-glibc2.43
[0m11:13:19.798719 [debug] [MainThread]: Snowflake adapter: Setting snowflake.connector to ERROR (file logging only)
[0m11:13:19.799414 [debug] [MainThread]: Snowflake adapter: Setting botocore to ERROR (file logging only)
[0m11:13:19.800039 [debug] [MainThread]: Snowflake adapter: Setting boto3 to ERROR (file logging only)
[0m11:13:23.051438 [info ] [MainThread]: Using profiles dir at /home/edu/.dbt
[0m11:13:23.052187 [info ] [MainThread]: Using profiles.yml file at /home/edu/.dbt/profiles.yml
[0m11:13:23.052811 [info ] [MainThread]: Using dbt_project.yml file at /mnt/d/Estudos/DBT/S3/dbt_project.yml
[0m11:13:23.063491 [info ] [MainThread]: adapter type: snowflake
[0m11:13:23.064112 [info ] [MainThread]: adapter version: 1.12.0
[0m11:13:23.064927 [info ] [MainThread]: Configuration:
[0m11:13:23.065541 [info ] [MainThread]:   profiles.yml file [[32mOK found and valid[0m]
[0m11:13:23.066146 [info ] [MainThread]:   dbt_project.yml file [[31mERROR not found[0m]
[0m11:13:23.066726 [info ] [MainThread]: Required dependencies:
[0m11:13:23.067341 [debug] [MainThread]: Executing "git --help"
[0m11:13:23.070104 [debug] [MainThread]: STDOUT: "b"usage: git [-v | --version] [-h | --help] [-C <path>] [-c <name>=<value>]\n           [--exec-path[=<path>]] [--html-path] [--man-path] [--info-path]\n           [-p | --paginate | -P | --no-pager] [--no-replace-objects] [--no-lazy-fetch]\n           [--no-optional-locks] [--no-advice] [--bare] [--git-dir=<path>]\n           [--work-tree=<path>] [--namespace=<name>] [--config-env=<name>=<envvar>]\n           <command> [<args>]\n\nThese are common Git commands used in various situations:\n\nstart a working area (see also: git help tutorial)\n   clone      Clone a repository into a new directory\n   init       Create an empty Git repository or reinitialize an existing one\n\nwork on the current change (see also: git help everyday)\n   add        Add file contents to the index\n   mv         Move or rename a file, a directory, or a symlink\n   restore    Restore working tree files\n   rm         Remove files from the working tree and from the index\n\nexamine the history and state (see also: git help revisions)\n   bisect     Use binary search to find the commit that introduced a bug\n   diff       Show changes between commits, commit and working tree, etc\n   grep       Print lines matching a pattern\n   log        Show commit logs\n   show       Show various types of objects\n   status     Show the working tree status\n\ngrow, mark and tweak your common history\n   backfill   Download missing objects in a partial clone\n   branch     List, create, or delete branches\n   commit     Record changes to the repository\n   merge      Join two or more development histories together\n   rebase     Reapply commits on top of another base tip\n   reset      Set `HEAD` or the index to a known state\n   switch     Switch branches\n   tag        Create, list, delete or verify tags\n\ncollaborate (see also: git help workflows)\n   fetch      Download objects and refs from another repository\n   pull       Fetch from and integrate with another repository or a local branch\n   push       Update remote refs along with associated objects\n\n'git help -a' and 'git help -g' list available subcommands and some\nconcept guides. See 'git help <command>' or 'git help <concept>'\nto read about a specific subcommand or concept.\nSee 'git help git' for an overview of the system.\n""
[0m11:13:23.070680 [debug] [MainThread]: STDERR: "b''"
[0m11:13:23.071335 [info ] [MainThread]:  - git [[32mOK found[0m]

[0m11:13:23.072215 [info ] [MainThread]: Connection:
[0m11:13:23.072835 [info ] [MainThread]:   account: WRXGQVJ-QM00309
[0m11:13:23.073418 [info ] [MainThread]:   user: ELIMA
[0m11:13:23.073971 [info ] [MainThread]:   database: DBT
[0m11:13:23.074545 [info ] [MainThread]:   warehouse: compute_wh
[0m11:13:23.075314 [info ] [MainThread]:   role: ACCOUNTADMIN
[0m11:13:23.076063 [info ] [MainThread]:   schema: dbt_eduslima
[0m11:13:23.076971 [info ] [MainThread]:   authenticator: None
[0m11:13:23.077601 [info ] [MainThread]:   oauth_client_id: None
[0m11:13:23.078177 [info ] [MainThread]:   query_tag: None
[0m11:13:23.078779 [info ] [MainThread]:   client_session_keep_alive: False
[0m11:13:23.079821 [info ] [MainThread]:   host: None
[0m11:13:23.080407 [info ] [MainThread]:   port: None
[0m11:13:23.080987 [info ] [MainThread]:   proxy_host: None
[0m11:13:23.081578 [info ] [MainThread]:   proxy_port: None
[0m11:13:23.082181 [info ] [MainThread]:   protocol: None
[0m11:13:23.082789 [info ] [MainThread]:   connect_retries: 1
[0m11:13:23.083374 [info ] [MainThread]:   connect_timeout: None
[0m11:13:23.084062 [info ] [MainThread]:   retry_on_database_errors: False
[0m11:13:23.084721 [info ] [MainThread]:   retry_all: False
[0m11:13:23.085404 [info ] [MainThread]:   insecure_mode: False
[0m11:13:23.085969 [info ] [MainThread]:   reuse_connections: True
[0m11:13:23.086549 [info ] [MainThread]:   s3_stage_vpce_dns_name: None
[0m11:13:23.087159 [info ] [MainThread]:   workload_identity_provider: None
[0m11:13:23.087736 [info ] [MainThread]:   workload_identity_entra_resource: None
[0m11:13:23.088310 [info ] [MainThread]:   platform_detection_timeout_seconds: 0.0
[0m11:13:23.090505 [info ] [MainThread]: Registered adapter: snowflake=1.12.0
[0m11:13:34.136522 [debug] [MainThread]: Acquiring new snowflake connection 'debug'
[0m11:13:34.145630 [debug] [MainThread]: Using snowflake connection "debug"
[0m11:13:34.146275 [debug] [MainThread]: On debug: select 1 as id
[0m11:13:34.146864 [debug] [MainThread]: Opening a new connection, currently in state init
[0m11:13:35.894243 [debug] [MainThread]: Snowflake adapter: Error running SQL: select 1 as id
[0m11:13:35.894953 [debug] [MainThread]: Snowflake adapter: Rolling back transaction.
[0m11:13:35.895568 [info ] [MainThread]:   Connection test: [[31mERROR[0m]

[0m11:13:35.896265 [info ] [MainThread]: [31m2 checks failed:[0m
[0m11:13:35.896864 [info ] [MainThread]: Project loading failed for the following reason:
 project path </mnt/d/Estudos/DBT/S3/dbt_project.yml> not found

[0m11:13:35.897461 [info ] [MainThread]: dbt was unable to connect to the specified database.
The database returned the following error:

  >Database Error
  390100 (28000): Failed to connect to DB: WRXGQVJ-QM00309.snowflakecomputing.com:443. Incorrect username or password was specified. [6b5c93b2-39d7-41c4-9e43-8d42494250e6]

Check your database credentials and try again. For more information, visit:
https://docs.getdbt.com/docs/configure-your-profile


[0m11:13:35.898448 [debug] [MainThread]: Resource report: {"command_name": "debug", "command_success": false, "command_wall_clock_time": 20.047037, "process_in_blocks": "50004", "process_kernel_time": 3.011692, "process_mem_max_rss": "150876", "process_out_blocks": "4936", "process_user_time": 1.66864}
[0m11:13:35.899350 [debug] [MainThread]: Command `dbt debug` failed at 11:13:35.899263 after 20.05 seconds
[0m11:13:35.899918 [debug] [MainThread]: Connection 'debug' was left open.
[0m11:13:35.900444 [debug] [MainThread]: On debug: No close available on handle
[0m11:13:35.900990 [debug] [MainThread]: Sending event: {'category': 'dbt', 'action': 'invocation', 'label': 'end', 'context': [<snowplow_tracker.self_describing_json.SelfDescribingJson object at 0x761c6cc18680>, <snowplow_tracker.self_describing_json.SelfDescribingJson object at 0x761c6efa4200>, <snowplow_tracker.self_describing_json.SelfDescribingJson object at 0x761c69ae3470>]}
[0m11:13:35.901659 [debug] [MainThread]: Flushing usage events
[0m11:13:36.584848 [debug] [MainThread]: An error was encountered while trying to flush usage events
[0m11:19:31.677988 [debug] [MainThread]: Sending event: {'category': 'dbt', 'action': 'invocation', 'label': 'start', 'context': [<snowplow_tracker.self_describing_json.SelfDescribingJson object at 0x739fbec11790>, <snowplow_tracker.self_describing_json.SelfDescribingJson object at 0x739fbf96ae40>, <snowplow_tracker.self_describing_json.SelfDescribingJson object at 0x739fbec11760>]}


============================== 11:19:31.687444 | 288de998-2bff-4e08-b2ab-8eb4bcb11240 ==============================
[0m11:19:31.687444 [info ] [MainThread]: Running with dbt=1.12.4
[0m11:19:31.688170 [debug] [MainThread]: running dbt with arguments {'printer_width': '80', 'indirect_selection': 'eager', 'warn_error': 'None', 'quiet': 'False', 'partial_parse': 'True', 'log_path': 'logs', 'introspect': 'True', 'send_anonymous_usage_stats': 'True', 'invocation_command': 'dbt debug', 'empty': 'None', 'version_check': 'True', 'warn_error_options': 'WarnErrorOptionsV2(error=[], warn=[], silence=[])', 'use_experimental_parser': 'False', 'no_print': 'None', 'static_parser': 'True', 'write_json': 'True', 'log_format': 'default', 'cache_selected_only': 'False', 'log_cache_events': 'False', 'use_colors': 'True', 'debug': 'False', 'fail_fast': 'False', 'target_path': 'None', 'profiles_dir': '/home/edu/.dbt', 'hints_enabled': 'True', 'maximum_seed_size_mib': '1'}
[0m11:19:31.898073 [info ] [MainThread]: dbt version: 1.12.4
[0m11:19:31.898697 [info ] [MainThread]: python version: 3.12.14
[0m11:19:31.899299 [info ] [MainThread]: python path: /mnt/d/Estudos/DBT/S3/.venv/bin/python3
[0m11:19:31.899874 [info ] [MainThread]: os info: Linux-6.18.33.1-microsoft-standard-WSL2-x86_64-with-glibc2.43
[0m11:19:35.657775 [debug] [MainThread]: Snowflake adapter: Setting snowflake.connector to ERROR (file logging only)
[0m11:19:35.658453 [debug] [MainThread]: Snowflake adapter: Setting botocore to ERROR (file logging only)
[0m11:19:35.659172 [debug] [MainThread]: Snowflake adapter: Setting boto3 to ERROR (file logging only)
[0m11:19:38.810555 [info ] [MainThread]: Using profiles dir at /home/edu/.dbt
[0m11:19:38.811457 [info ] [MainThread]: Using profiles.yml file at /home/edu/.dbt/profiles.yml
[0m11:19:38.812373 [info ] [MainThread]: Using dbt_project.yml file at /mnt/d/Estudos/DBT/S3/dbt_project.yml
[0m11:19:38.822601 [info ] [MainThread]: adapter type: snowflake
[0m11:19:38.823196 [info ] [MainThread]: adapter version: 1.12.0
[0m11:19:38.824241 [info ] [MainThread]: Configuration:
[0m11:19:38.824833 [info ] [MainThread]:   profiles.yml file [[32mOK found and valid[0m]
[0m11:19:38.825424 [info ] [MainThread]:   dbt_project.yml file [[31mERROR not found[0m]
[0m11:19:38.826052 [info ] [MainThread]: Required dependencies:
[0m11:19:38.826654 [debug] [MainThread]: Executing "git --help"
[0m11:19:38.829697 [debug] [MainThread]: STDOUT: "b"usage: git [-v | --version] [-h | --help] [-C <path>] [-c <name>=<value>]\n           [--exec-path[=<path>]] [--html-path] [--man-path] [--info-path]\n           [-p | --paginate | -P | --no-pager] [--no-replace-objects] [--no-lazy-fetch]\n           [--no-optional-locks] [--no-advice] [--bare] [--git-dir=<path>]\n           [--work-tree=<path>] [--namespace=<name>] [--config-env=<name>=<envvar>]\n           <command> [<args>]\n\nThese are common Git commands used in various situations:\n\nstart a working area (see also: git help tutorial)\n   clone      Clone a repository into a new directory\n   init       Create an empty Git repository or reinitialize an existing one\n\nwork on the current change (see also: git help everyday)\n   add        Add file contents to the index\n   mv         Move or rename a file, a directory, or a symlink\n   restore    Restore working tree files\n   rm         Remove files from the working tree and from the index\n\nexamine the history and state (see also: git help revisions)\n   bisect     Use binary search to find the commit that introduced a bug\n   diff       Show changes between commits, commit and working tree, etc\n   grep       Print lines matching a pattern\n   log        Show commit logs\n   show       Show various types of objects\n   status     Show the working tree status\n\ngrow, mark and tweak your common history\n   backfill   Download missing objects in a partial clone\n   branch     List, create, or delete branches\n   commit     Record changes to the repository\n   merge      Join two or more development histories together\n   rebase     Reapply commits on top of another base tip\n   reset      Set `HEAD` or the index to a known state\n   switch     Switch branches\n   tag        Create, list, delete or verify tags\n\ncollaborate (see also: git help workflows)\n   fetch      Download objects and refs from another repository\n   pull       Fetch from and integrate with another repository or a local branch\n   push       Update remote refs along with associated objects\n\n'git help -a' and 'git help -g' list available subcommands and some\nconcept guides. See 'git help <command>' or 'git help <concept>'\nto read about a specific subcommand or concept.\nSee 'git help git' for an overview of the system.\n""
[0m11:19:38.830323 [debug] [MainThread]: STDERR: "b''"
[0m11:19:38.830835 [info ] [MainThread]:  - git [[32mOK found[0m]

[0m11:19:38.831443 [info ] [MainThread]: Connection:
[0m11:19:38.832092 [info ] [MainThread]:   account: WRXGQVJ-QM00309
[0m11:19:38.832807 [info ] [MainThread]:   user: ELIMA
[0m11:19:38.833411 [info ] [MainThread]:   database: DBT
[0m11:19:38.834039 [info ] [MainThread]:   warehouse: compute_wh
[0m11:19:38.834615 [info ] [MainThread]:   role: ACCOUNTADMIN
[0m11:19:38.835183 [info ] [MainThread]:   schema: dbt_eduslima
[0m11:19:38.835749 [info ] [MainThread]:   authenticator: None
[0m11:19:38.836330 [info ] [MainThread]:   oauth_client_id: None
[0m11:19:38.836979 [info ] [MainThread]:   query_tag: None
[0m11:19:38.837628 [info ] [MainThread]:   client_session_keep_alive: False
[0m11:19:38.838237 [info ] [MainThread]:   host: None
[0m11:19:38.838822 [info ] [MainThread]:   port: None
[0m11:19:38.839403 [info ] [MainThread]:   proxy_host: None
[0m11:19:38.839958 [info ] [MainThread]:   proxy_port: None
[0m11:19:38.840546 [info ] [MainThread]:   protocol: None
[0m11:19:38.841095 [info ] [MainThread]:   connect_retries: 1
[0m11:19:38.841699 [info ] [MainThread]:   connect_timeout: None
[0m11:19:38.842257 [info ] [MainThread]:   retry_on_database_errors: False
[0m11:19:38.842851 [info ] [MainThread]:   retry_all: False
[0m11:19:38.843447 [info ] [MainThread]:   insecure_mode: False
[0m11:19:38.844026 [info ] [MainThread]:   reuse_connections: True
[0m11:19:38.844588 [info ] [MainThread]:   s3_stage_vpce_dns_name: None
[0m11:19:38.845143 [info ] [MainThread]:   workload_identity_provider: None
[0m11:19:38.845783 [info ] [MainThread]:   workload_identity_entra_resource: None
[0m11:19:38.846362 [info ] [MainThread]:   platform_detection_timeout_seconds: 0.0
[0m11:19:38.848864 [info ] [MainThread]: Registered adapter: snowflake=1.12.0
[0m11:19:49.903194 [debug] [MainThread]: Acquiring new snowflake connection 'debug'
[0m11:19:49.912886 [debug] [MainThread]: Using snowflake connection "debug"
[0m11:19:49.913841 [debug] [MainThread]: On debug: select 1 as id
[0m11:19:49.914789 [debug] [MainThread]: Opening a new connection, currently in state init
[0m11:19:52.620121 [debug] [MainThread]: SQL status: SUCCESS 1 in 2.705 seconds
[0m11:19:52.621329 [info ] [MainThread]:   Connection test: [[32mOK connection ok[0m]

[0m11:19:52.622125 [info ] [MainThread]: [31m1 check failed:[0m
[0m11:19:52.622730 [info ] [MainThread]: Project loading failed for the following reason:
 project path </mnt/d/Estudos/DBT/S3/dbt_project.yml> not found

[0m11:19:52.623744 [debug] [MainThread]: Resource report: {"command_name": "debug", "command_success": false, "command_wall_clock_time": 20.995935, "process_in_blocks": "49534", "process_kernel_time": 3.135884, "process_mem_max_rss": "151052", "process_out_blocks": "4928", "process_user_time": 1.538947}
[0m11:19:52.624563 [debug] [MainThread]: Command `dbt debug` failed at 11:19:52.624481 after 21.00 seconds
[0m11:19:52.625127 [debug] [MainThread]: Connection 'debug' was left open.
[0m11:19:52.625691 [debug] [MainThread]: On debug: Close
[0m11:19:52.913062 [debug] [MainThread]: Sending event: {'category': 'dbt', 'action': 'invocation', 'label': 'end', 'context': [<snowplow_tracker.self_describing_json.SelfDescribingJson object at 0x739fbf96ae40>, <snowplow_tracker.self_describing_json.SelfDescribingJson object at 0x739fbd13e6f0>, <snowplow_tracker.self_describing_json.SelfDescribingJson object at 0x739fbd0027e0>]}
[0m11:19:52.914027 [debug] [MainThread]: Flushing usage events
[0m11:19:53.673055 [debug] [MainThread]: An error was encountered while trying to flush usage events
